
[7m[1m[36m RUN [39m[22m[27m [36mv2.0.0[39m [90mC:/Users/moisreis/Projects/meta-investimentos[39m

[90mstdout[2m | __tests__/__integration__/infrastructure/transaction-allocation/repositories/transaction-allocation.repository.test.ts[22m[39m
[TEST SETUP] Loading .env.test from: C:\Users\moisreis\Projects\meta-investimentos\.env.test
Γùç injected env (1) from .env.test // tip: Γùê secrets for agents [www.dotenvx.com]
[TEST SETUP] Dotenv result: {
  parsed: {
    DATABASE_URL: [32m'postgresql://neondb_owner:npg_RrVLk0A3iwGU@ep-muddy-band-acxjnbbp-pooler.sa-east-1.aws.neon.tech/neondb?sslmode=require&channel_binding=require'[39m
  }
}
[TEST SETUP] DATABASE_URL from .env.test: postgresql://neondb_owner:npg_RrVLk0A3iwGU@ep-muddy-band-acxjnbbp-pooler.sa-east-1.aws.neon.tech/neondb?sslmode=require&channel_binding=require
[TEST SETUP] Set TEST_DATABASE_URL from DATABASE_URL
[TEST SETUP] Deleted DATABASE_URL, TEST_DATABASE_URL: SET

 [32mΓ£ô[39m [32m|integration|[39m __tests__/__integration__/infrastructure/transaction-allocation/repositories/transaction-allocation.repository.test.ts [2m ([22m[2m19 tests[22m[2m)[22m[33m 63963[2mms[22m[39m
[90mstdout[2m | __tests__/__integration__/infrastructure/position/repositories/position.repository.test.ts[22m[39m
[TEST SETUP] Loading .env.test from: C:\Users\moisreis\Projects\meta-investimentos\.env.test
Γùç injected env (1) from .env.test // tip: Γùê encrypted .env [www.dotenvx.com]
[TEST SETUP] Dotenv result: {
  parsed: {
    DATABASE_URL: [32m'postgresql://neondb_owner:npg_RrVLk0A3iwGU@ep-muddy-band-acxjnbbp-pooler.sa-east-1.aws.neon.tech/neondb?sslmode=require&channel_binding=require'[39m
  }
}
[TEST SETUP] DATABASE_URL from .env.test: postgresql://neondb_owner:npg_RrVLk0A3iwGU@ep-muddy-band-acxjnbbp-pooler.sa-east-1.aws.neon.tech/neondb?sslmode=require&channel_binding=require
[TEST SETUP] Set TEST_DATABASE_URL from DATABASE_URL
[TEST SETUP] Deleted DATABASE_URL, TEST_DATABASE_URL: SET

 [32mΓ£ô[39m [32m|integration|[39m __tests__/__integration__/infrastructure/position/repositories/position.repository.test.ts [2m ([22m[2m22 tests[22m[2m)[22m[33m 53033[2mms[22m[39m
[90mstdout[2m | __tests__/__integration__/infrastructure/checking-account/repositories/checking-account.repository.test.ts[22m[39m
[TEST SETUP] Loading .env.test from: C:\Users\moisreis\Projects\meta-investimentos\.env.test
Γùç injected env (1) from .env.test // tip: Γîü auth for agents [www.vestauth.com]
[TEST SETUP] Dotenv result: {
  parsed: {
    DATABASE_URL: [32m'postgresql://neondb_owner:npg_RrVLk0A3iwGU@ep-muddy-band-acxjnbbp-pooler.sa-east-1.aws.neon.tech/neondb?sslmode=require&channel_binding=require'[39m
  }
}
[TEST SETUP] DATABASE_URL from .env.test: postgresql://neondb_owner:npg_RrVLk0A3iwGU@ep-muddy-band-acxjnbbp-pooler.sa-east-1.aws.neon.tech/neondb?sslmode=require&channel_binding=require
[TEST SETUP] Set TEST_DATABASE_URL from DATABASE_URL
[TEST SETUP] Deleted DATABASE_URL, TEST_DATABASE_URL: SET

 [32mΓ£ô[39m [32m|integration|[39m __tests__/__integration__/infrastructure/checking-account/repositories/checking-account.repository.test.ts [2m ([22m[2m22 tests[22m[2m)[22m[33m 47548[2mms[22m[39m
[90mstdout[2m | __tests__/__integration__/infrastructure/quota/repositories/quota.repository.test.ts[22m[39m
[TEST SETUP] Loading .env.test from: C:\Users\moisreis\Projects\meta-investimentos\.env.test
Γùç injected env (1) from .env.test // tip: Γîÿ override existing { override: true }
[TEST SETUP] Dotenv result: {
  parsed: {
    DATABASE_URL: [32m'postgresql://neondb_owner:npg_RrVLk0A3iwGU@ep-muddy-band-acxjnbbp-pooler.sa-east-1.aws.neon.tech/neondb?sslmode=require&channel_binding=require'[39m
  }
}
[TEST SETUP] DATABASE_URL from .env.test: postgresql://neondb_owner:npg_RrVLk0A3iwGU@ep-muddy-band-acxjnbbp-pooler.sa-east-1.aws.neon.tech/neondb?sslmode=require&channel_binding=require
[TEST SETUP] Set TEST_DATABASE_URL from DATABASE_URL
[TEST SETUP] Deleted DATABASE_URL, TEST_DATABASE_URL: SET

 [31mΓ¥»[39m [32m|integration|[39m __tests__/__integration__/infrastructure/quota/repositories/quota.repository.test.ts [2m ([22m[2m24 tests[22m [2m|[22m [31m1 failed[39m[2m)[22m[33m 52462[2mms[22m[39m
[31m   [31m├ù[31m infrastructure/quota/repositories/quota.repository[2m > [22mfindLatestByFundIds[2m > [22mshould return the most recent quota per fund[39m
[31m     ΓåÆ expected [ ΓÇª(2) ] to deeply equal [ ΓÇª(2) ][39m
[90mstdout[2m | __tests__/__integration__/infrastructure/fund/repositories/fund.repository.test.ts[22m[39m
[TEST SETUP] Loading .env.test from: C:\Users\moisreis\Projects\meta-investimentos\.env.test
Γùç injected env (1) from .env.test // tip: Γîÿ override existing { override: true }
[TEST SETUP] Dotenv result: {
  parsed: {
    DATABASE_URL: [32m'postgresql://neondb_owner:npg_RrVLk0A3iwGU@ep-muddy-band-acxjnbbp-pooler.sa-east-1.aws.neon.tech/neondb?sslmode=require&channel_binding=require'[39m
  }
}
[TEST SETUP] DATABASE_URL from .env.test: postgresql://neondb_owner:npg_RrVLk0A3iwGU@ep-muddy-band-acxjnbbp-pooler.sa-east-1.aws.neon.tech/neondb?sslmode=require&channel_binding=require
[TEST SETUP] Set TEST_DATABASE_URL from DATABASE_URL
[TEST SETUP] Deleted DATABASE_URL, TEST_DATABASE_URL: SET

 [32mΓ£ô[39m [32m|integration|[39m __tests__/__integration__/infrastructure/fund/repositories/fund.repository.test.ts [2m ([22m[2m26 tests[22m[2m)[22m[33m 54444[2mms[22m[39m
[90mstdout[2m | __tests__/__integration__/infrastructure/application/repositories/application.repository.test.ts[22m[39m
[TEST SETUP] Loading .env.test from: C:\Users\moisreis\Projects\meta-investimentos\.env.test
Γùç injected env (1) from .env.test // tip: Γîÿ override existing { override: true }
[TEST SETUP] Dotenv result: {
  parsed: {
    DATABASE_URL: [32m'postgresql://neondb_owner:npg_RrVLk0A3iwGU@ep-muddy-band-acxjnbbp-pooler.sa-east-1.aws.neon.tech/neondb?sslmode=require&channel_binding=require'[39m
  }
}
[TEST SETUP] DATABASE_URL from .env.test: postgresql://neondb_owner:npg_RrVLk0A3iwGU@ep-muddy-band-acxjnbbp-pooler.sa-east-1.aws.neon.tech/neondb?sslmode=require&channel_binding=require
[TEST SETUP] Set TEST_DATABASE_URL from DATABASE_URL
[TEST SETUP] Deleted DATABASE_URL, TEST_DATABASE_URL: SET

 [32mΓ£ô[39m [32m|integration|[39m __tests__/__integration__/infrastructure/application/repositories/application.repository.test.ts [2m ([22m[2m18 tests[22m[2m)[22m[33m 43826[2mms[22m[39m
[90mstdout[2m | __tests__/__integration__/infrastructure/bank-account/repositories/bank-account.repository.test.ts[22m[39m
[TEST SETUP] Loading .env.test from: C:\Users\moisreis\Projects\meta-investimentos\.env.test
Γùç injected env (1) from .env.test // tip: Γîÿ override existing { override: true }
[TEST SETUP] Dotenv result: {
  parsed: {
    DATABASE_URL: [32m'postgresql://neondb_owner:npg_RrVLk0A3iwGU@ep-muddy-band-acxjnbbp-pooler.sa-east-1.aws.neon.tech/neondb?sslmode=require&channel_binding=require'[39m
  }
}
[TEST SETUP] DATABASE_URL from .env.test: postgresql://neondb_owner:npg_RrVLk0A3iwGU@ep-muddy-band-acxjnbbp-pooler.sa-east-1.aws.neon.tech/neondb?sslmode=require&channel_binding=require
[TEST SETUP] Set TEST_DATABASE_URL from DATABASE_URL
[TEST SETUP] Deleted DATABASE_URL, TEST_DATABASE_URL: SET

 [32mΓ£ô[39m [32m|integration|[39m __tests__/__integration__/infrastructure/bank-account/repositories/bank-account.repository.test.ts [2m ([22m[2m22 tests[22m[2m)[22m[33m 46739[2mms[22m[39m
[90mstdout[2m | __tests__/__integration__/infrastructure/statement/repositories/statement.repository.test.ts[22m[39m
[TEST SETUP] Loading .env.test from: C:\Users\moisreis\Projects\meta-investimentos\.env.test
Γùç injected env (1) from .env.test // tip: Γùê encrypted .env [www.dotenvx.com]
[TEST SETUP] Dotenv result: {
  parsed: {
    DATABASE_URL: [32m'postgresql://neondb_owner:npg_RrVLk0A3iwGU@ep-muddy-band-acxjnbbp-pooler.sa-east-1.aws.neon.tech/neondb?sslmode=require&channel_binding=require'[39m
  }
}
[TEST SETUP] DATABASE_URL from .env.test: postgresql://neondb_owner:npg_RrVLk0A3iwGU@ep-muddy-band-acxjnbbp-pooler.sa-east-1.aws.neon.tech/neondb?sslmode=require&channel_binding=require
[TEST SETUP] Set TEST_DATABASE_URL from DATABASE_URL
[TEST SETUP] Deleted DATABASE_URL, TEST_DATABASE_URL: SET

 [32mΓ£ô[39m [32m|integration|[39m __tests__/__integration__/infrastructure/statement/repositories/statement.repository.test.ts [2m ([22m[2m16 tests[22m[2m)[22m[33m 33738[2mms[22m[39m
[90mstdout[2m | __tests__/__integration__/infrastructure/withdrawal/repositories/withdrawal.repository.test.ts[22m[39m
[TEST SETUP] Loading .env.test from: C:\Users\moisreis\Projects\meta-investimentos\.env.test
Γùç injected env (1) from .env.test // tip: Γùê encrypted .env [www.dotenvx.com]
[TEST SETUP] Dotenv result: {
  parsed: {
    DATABASE_URL: [32m'postgresql://neondb_owner:npg_RrVLk0A3iwGU@ep-muddy-band-acxjnbbp-pooler.sa-east-1.aws.neon.tech/neondb?sslmode=require&channel_binding=require'[39m
  }
}
[TEST SETUP] DATABASE_URL from .env.test: postgresql://neondb_owner:npg_RrVLk0A3iwGU@ep-muddy-band-acxjnbbp-pooler.sa-east-1.aws.neon.tech/neondb?sslmode=require&channel_binding=require
[TEST SETUP] Set TEST_DATABASE_URL from DATABASE_URL
[TEST SETUP] Deleted DATABASE_URL, TEST_DATABASE_URL: SET

 [32mΓ£ô[39m [32m|integration|[39m __tests__/__integration__/infrastructure/withdrawal/repositories/withdrawal.repository.test.ts [2m ([22m[2m17 tests[22m[2m)[22m[33m 38593[2mms[22m[39m
[90mstdout[2m | __tests__/__integration__/infrastructure/portfolio-performance/repositories/portfolio-performance.repository.test.ts[22m[39m
[TEST SETUP] Loading .env.test from: C:\Users\moisreis\Projects\meta-investimentos\.env.test
Γùç injected env (1) from .env.test // tip: Γîÿ multiple files { path: ['.env.local', '.env'] }
[TEST SETUP] Dotenv result: {
  parsed: {
    DATABASE_URL: [32m'postgresql://neondb_owner:npg_RrVLk0A3iwGU@ep-muddy-band-acxjnbbp-pooler.sa-east-1.aws.neon.tech/neondb?sslmode=require&channel_binding=require'[39m
  }
}
[TEST SETUP] DATABASE_URL from .env.test: postgresql://neondb_owner:npg_RrVLk0A3iwGU@ep-muddy-band-acxjnbbp-pooler.sa-east-1.aws.neon.tech/neondb?sslmode=require&channel_binding=require
[TEST SETUP] Set TEST_DATABASE_URL from DATABASE_URL
[TEST SETUP] Deleted DATABASE_URL, TEST_DATABASE_URL: SET

 [32mΓ£ô[39m [32m|integration|[39m __tests__/__integration__/infrastructure/portfolio-performance/repositories/portfolio-performance.repository.test.ts [2m ([22m[2m16 tests[22m[2m)[22m[33m 34276[2mms[22m[39m
[90mstdout[2m | __tests__/__integration__/infrastructure/bank/repositories/bank.repository.test.ts[22m[39m
[TEST SETUP] Loading .env.test from: C:\Users\moisreis\Projects\meta-investimentos\.env.test
Γùç injected env (1) from .env.test // tip: Γîÿ suppress logs { quiet: true }
[TEST SETUP] Dotenv result: {
  parsed: {
    DATABASE_URL: [32m'postgresql://neondb_owner:npg_RrVLk0A3iwGU@ep-muddy-band-acxjnbbp-pooler.sa-east-1.aws.neon.tech/neondb?sslmode=require&channel_binding=require'[39m
  }
}
[TEST SETUP] DATABASE_URL from .env.test: postgresql://neondb_owner:npg_RrVLk0A3iwGU@ep-muddy-band-acxjnbbp-pooler.sa-east-1.aws.neon.tech/neondb?sslmode=require&channel_binding=require
[TEST SETUP] Set TEST_DATABASE_URL from DATABASE_URL
[TEST SETUP] Deleted DATABASE_URL, TEST_DATABASE_URL: SET

 [32mΓ£ô[39m [32m|integration|[39m __tests__/__integration__/infrastructure/bank/repositories/bank.repository.test.ts [2m ([22m[2m18 tests[22m[2m)[22m[33m 34554[2mms[22m[39m
[90mstdout[2m | __tests__/__integration__/infrastructure/benchmark-history/repositories/benchmark-history.repository.test.ts[22m[39m
[TEST SETUP] Loading .env.test from: C:\Users\moisreis\Projects\meta-investimentos\.env.test
Γùç injected env (1) from .env.test // tip: Γîÿ suppress logs { quiet: true }
[TEST SETUP] Dotenv result: {
  parsed: {
    DATABASE_URL: [32m'postgresql://neondb_owner:npg_RrVLk0A3iwGU@ep-muddy-band-acxjnbbp-pooler.sa-east-1.aws.neon.tech/neondb?sslmode=require&channel_binding=require'[39m
  }
}
[TEST SETUP] DATABASE_URL from .env.test: postgresql://neondb_owner:npg_RrVLk0A3iwGU@ep-muddy-band-acxjnbbp-pooler.sa-east-1.aws.neon.tech/neondb?sslmode=require&channel_binding=require
[TEST SETUP] Set TEST_DATABASE_URL from DATABASE_URL
[TEST SETUP] Deleted DATABASE_URL, TEST_DATABASE_URL: SET

 [32mΓ£ô[39m [32m|integration|[39m __tests__/__integration__/infrastructure/benchmark-history/repositories/benchmark-history.repository.test.ts [2m ([22m[2m16 tests[22m[2m)[22m[33m 32050[2mms[22m[39m
[90mstdout[2m | __tests__/__integration__/infrastructure/position-performance/repositories/position-performance.repository.test.ts[22m[39m
[TEST SETUP] Loading .env.test from: C:\Users\moisreis\Projects\meta-investimentos\.env.test
Γùç injected env (1) from .env.test // tip: Γîÿ enable debugging { debug: true }
[TEST SETUP] Dotenv result: {
  parsed: {
    DATABASE_URL: [32m'postgresql://neondb_owner:npg_RrVLk0A3iwGU@ep-muddy-band-acxjnbbp-pooler.sa-east-1.aws.neon.tech/neondb?sslmode=require&channel_binding=require'[39m
  }
}
[TEST SETUP] DATABASE_URL from .env.test: postgresql://neondb_owner:npg_RrVLk0A3iwGU@ep-muddy-band-acxjnbbp-pooler.sa-east-1.aws.neon.tech/neondb?sslmode=require&channel_binding=require
[TEST SETUP] Set TEST_DATABASE_URL from DATABASE_URL
[TEST SETUP] Deleted DATABASE_URL, TEST_DATABASE_URL: SET

 [32mΓ£ô[39m [32m|integration|[39m __tests__/__integration__/infrastructure/position-performance/repositories/position-performance.repository.test.ts [2m ([22m[2m15 tests[22m[2m)[22m[33m 34654[2mms[22m[39m
[90mstdout[2m | __tests__/__integration__/infrastructure/portfolio/repositories/portfolio.repository.test.ts[22m[39m
[TEST SETUP] Loading .env.test from: C:\Users\moisreis\Projects\meta-investimentos\.env.test
Γùç injected env (1) from .env.test // tip: Γîÿ multiple files { path: ['.env.local', '.env'] }
[TEST SETUP] Dotenv result: {
  parsed: {
    DATABASE_URL: [32m'postgresql://neondb_owner:npg_RrVLk0A3iwGU@ep-muddy-band-acxjnbbp-pooler.sa-east-1.aws.neon.tech/neondb?sslmode=require&channel_binding=require'[39m
  }
}
[TEST SETUP] DATABASE_URL from .env.test: postgresql://neondb_owner:npg_RrVLk0A3iwGU@ep-muddy-band-acxjnbbp-pooler.sa-east-1.aws.neon.tech/neondb?sslmode=require&channel_binding=require
[TEST SETUP] Set TEST_DATABASE_URL from DATABASE_URL
[TEST SETUP] Deleted DATABASE_URL, TEST_DATABASE_URL: SET

 [32mΓ£ô[39m [32m|integration|[39m __tests__/__integration__/infrastructure/portfolio/repositories/portfolio.repository.test.ts [2m ([22m[2m18 tests[22m[2m)[22m[33m 37312[2mms[22m[39m
[90mstdout[2m | __tests__/__integration__/infrastructure/user/repositories/user.repository.test.ts[22m[39m
[TEST SETUP] Loading .env.test from: C:\Users\moisreis\Projects\meta-investimentos\.env.test
Γùç injected env (1) from .env.test // tip: Γîÿ enable debugging { debug: true }
[TEST SETUP] Dotenv result: {
  parsed: {
    DATABASE_URL: [32m'postgresql://neondb_owner:npg_RrVLk0A3iwGU@ep-muddy-band-acxjnbbp-pooler.sa-east-1.aws.neon.tech/neondb?sslmode=require&channel_binding=require'[39m
  }
}
[TEST SETUP] DATABASE_URL from .env.test: postgresql://neondb_owner:npg_RrVLk0A3iwGU@ep-muddy-band-acxjnbbp-pooler.sa-east-1.aws.neon.tech/neondb?sslmode=require&channel_binding=require
[TEST SETUP] Set TEST_DATABASE_URL from DATABASE_URL
[TEST SETUP] Deleted DATABASE_URL, TEST_DATABASE_URL: SET

 [32mΓ£ô[39m [32m|integration|[39m __tests__/__integration__/infrastructure/user/repositories/user.repository.test.ts [2m ([22m[2m17 tests[22m[2m)[22m[33m 35337[2mms[22m[39m
[90mstdout[2m | __tests__/__integration__/services/application/use-cases/add-application.use-case.test.ts[22m[39m
[TEST SETUP] Loading .env.test from: C:\Users\moisreis\Projects\meta-investimentos\.env.test
Γùç injected env (1) from .env.test // tip: Γùê encrypted .env [www.dotenvx.com]
[TEST SETUP] Dotenv result: {
  parsed: {
    DATABASE_URL: [32m'postgresql://neondb_owner:npg_RrVLk0A3iwGU@ep-muddy-band-acxjnbbp-pooler.sa-east-1.aws.neon.tech/neondb?sslmode=require&channel_binding=require'[39m
  }
}
[TEST SETUP] DATABASE_URL from .env.test: postgresql://neondb_owner:npg_RrVLk0A3iwGU@ep-muddy-band-acxjnbbp-pooler.sa-east-1.aws.neon.tech/neondb?sslmode=require&channel_binding=require
[TEST SETUP] Set TEST_DATABASE_URL from DATABASE_URL
[TEST SETUP] Deleted DATABASE_URL, TEST_DATABASE_URL: SET

 [32mΓ£ô[39m [32m|integration|[39m __tests__/__integration__/services/application/use-cases/add-application.use-case.test.ts [2m ([22m[2m7 tests[22m[2m)[22m[33m 25987[2mms[22m[39m
[90mstdout[2m | __tests__/__integration__/infrastructure/audit-log/repositories/audit-log.repository.test.ts[22m[39m
[TEST SETUP] Loading .env.test from: C:\Users\moisreis\Projects\meta-investimentos\.env.test
Γùç injected env (1) from .env.test // tip: Γîÿ multiple files { path: ['.env.local', '.env'] }
[TEST SETUP] Dotenv result: {
  parsed: {
    DATABASE_URL: [32m'postgresql://neondb_owner:npg_RrVLk0A3iwGU@ep-muddy-band-acxjnbbp-pooler.sa-east-1.aws.neon.tech/neondb?sslmode=require&channel_binding=require'[39m
  }
}
[TEST SETUP] DATABASE_URL from .env.test: postgresql://neondb_owner:npg_RrVLk0A3iwGU@ep-muddy-band-acxjnbbp-pooler.sa-east-1.aws.neon.tech/neondb?sslmode=require&channel_binding=require
[TEST SETUP] Set TEST_DATABASE_URL from DATABASE_URL
[TEST SETUP] Deleted DATABASE_URL, TEST_DATABASE_URL: SET

 [32mΓ£ô[39m [32m|integration|[39m __tests__/__integration__/infrastructure/audit-log/repositories/audit-log.repository.test.ts [2m ([22m[2m16 tests[22m[2m)[22m[33m 34524[2mms[22m[39m
[90mstdout[2m | __tests__/__integration__/infrastructure/norms-portfolio/repositories/norms-portfolios.repository.test.ts[22m[39m
[TEST SETUP] Loading .env.test from: C:\Users\moisreis\Projects\meta-investimentos\.env.test
Γùç injected env (1) from .env.test // tip: Γîÿ suppress logs { quiet: true }
[TEST SETUP] Dotenv result: {
  parsed: {
    DATABASE_URL: [32m'postgresql://neondb_owner:npg_RrVLk0A3iwGU@ep-muddy-band-acxjnbbp-pooler.sa-east-1.aws.neon.tech/neondb?sslmode=require&channel_binding=require'[39m
  }
}
[TEST SETUP] DATABASE_URL from .env.test: postgresql://neondb_owner:npg_RrVLk0A3iwGU@ep-muddy-band-acxjnbbp-pooler.sa-east-1.aws.neon.tech/neondb?sslmode=require&channel_binding=require
[TEST SETUP] Set TEST_DATABASE_URL from DATABASE_URL
[TEST SETUP] Deleted DATABASE_URL, TEST_DATABASE_URL: SET

 [32mΓ£ô[39m [32m|integration|[39m __tests__/__integration__/infrastructure/norms-portfolio/repositories/norms-portfolios.repository.test.ts [2m ([22m[2m13 tests[22m[2m)[22m[33m 31788[2mms[22m[39m
[90mstdout[2m | __tests__/__integration__/infrastructure/benchmark/repositories/benchmark.repository.test.ts[22m[39m
[TEST SETUP] Loading .env.test from: C:\Users\moisreis\Projects\meta-investimentos\.env.test
Γùç injected env (1) from .env.test // tip: Γùê secrets for agents [www.dotenvx.com]
[TEST SETUP] Dotenv result: {
  parsed: {
    DATABASE_URL: [32m'postgresql://neondb_owner:npg_RrVLk0A3iwGU@ep-muddy-band-acxjnbbp-pooler.sa-east-1.aws.neon.tech/neondb?sslmode=require&channel_binding=require'[39m
  }
}
[TEST SETUP] DATABASE_URL from .env.test: postgresql://neondb_owner:npg_RrVLk0A3iwGU@ep-muddy-band-acxjnbbp-pooler.sa-east-1.aws.neon.tech/neondb?sslmode=require&channel_binding=require
[TEST SETUP] Set TEST_DATABASE_URL from DATABASE_URL
[TEST SETUP] Deleted DATABASE_URL, TEST_DATABASE_URL: SET

 [32mΓ£ô[39m [32m|integration|[39m __tests__/__integration__/infrastructure/benchmark/repositories/benchmark.repository.test.ts [2m ([22m[2m16 tests[22m[2m)[22m[33m 33046[2mms[22m[39m
[90mstdout[2m | __tests__/__integration__/infrastructure/category/repositories/category.repository.test.ts[22m[39m
[TEST SETUP] Loading .env.test from: C:\Users\moisreis\Projects\meta-investimentos\.env.test
Γùç injected env (1) from .env.test // tip: Γùê encrypted .env [www.dotenvx.com]
[TEST SETUP] Dotenv result: {
  parsed: {
    DATABASE_URL: [32m'postgresql://neondb_owner:npg_RrVLk0A3iwGU@ep-muddy-band-acxjnbbp-pooler.sa-east-1.aws.neon.tech/neondb?sslmode=require&channel_binding=require'[39m
  }
}
[TEST SETUP] DATABASE_URL from .env.test: postgresql://neondb_owner:npg_RrVLk0A3iwGU@ep-muddy-band-acxjnbbp-pooler.sa-east-1.aws.neon.tech/neondb?sslmode=require&channel_binding=require
[TEST SETUP] Set TEST_DATABASE_URL from DATABASE_URL
[TEST SETUP] Deleted DATABASE_URL, TEST_DATABASE_URL: SET

 [32mΓ£ô[39m [32m|integration|[39m __tests__/__integration__/infrastructure/category/repositories/category.repository.test.ts [2m ([22m[2m17 tests[22m[2m)[22m[33m 35003[2mms[22m[39m
[90mstdout[2m | __tests__/__integration__/infrastructure/account/repositories/account.repository.test.ts[22m[39m
[TEST SETUP] Loading .env.test from: C:\Users\moisreis\Projects\meta-investimentos\.env.test
Γùç injected env (1) from .env.test // tip: Γîÿ suppress logs { quiet: true }
[TEST SETUP] Dotenv result: {
  parsed: {
    DATABASE_URL: [32m'postgresql://neondb_owner:npg_RrVLk0A3iwGU@ep-muddy-band-acxjnbbp-pooler.sa-east-1.aws.neon.tech/neondb?sslmode=require&channel_binding=require'[39m
  }
}
[TEST SETUP] DATABASE_URL from .env.test: postgresql://neondb_owner:npg_RrVLk0A3iwGU@ep-muddy-band-acxjnbbp-pooler.sa-east-1.aws.neon.tech/neondb?sslmode=require&channel_binding=require
[TEST SETUP] Set TEST_DATABASE_URL from DATABASE_URL
[TEST SETUP] Deleted DATABASE_URL, TEST_DATABASE_URL: SET

 [32mΓ£ô[39m [32m|integration|[39m __tests__/__integration__/infrastructure/account/repositories/account.repository.test.ts [2m ([22m[2m14 tests[22m[2m)[22m[33m 29949[2mms[22m[39m
[90mstdout[2m | __tests__/__integration__/infrastructure/norm/repositories/norm.repository.test.ts[22m[39m
[TEST SETUP] Loading .env.test from: C:\Users\moisreis\Projects\meta-investimentos\.env.test
Γùç injected env (1) from .env.test // tip: Γîÿ multiple files { path: ['.env.local', '.env'] }
[TEST SETUP] Dotenv result: {
  parsed: {
    DATABASE_URL: [32m'postgresql://neondb_owner:npg_RrVLk0A3iwGU@ep-muddy-band-acxjnbbp-pooler.sa-east-1.aws.neon.tech/neondb?sslmode=require&channel_binding=require'[39m
  }
}
[TEST SETUP] DATABASE_URL from .env.test: postgresql://neondb_owner:npg_RrVLk0A3iwGU@ep-muddy-band-acxjnbbp-pooler.sa-east-1.aws.neon.tech/neondb?sslmode=require&channel_binding=require
[TEST SETUP] Set TEST_DATABASE_URL from DATABASE_URL
[TEST SETUP] Deleted DATABASE_URL, TEST_DATABASE_URL: SET

 [32mΓ£ô[39m [32m|integration|[39m __tests__/__integration__/infrastructure/norm/repositories/norm.repository.test.ts [2m ([22m[2m12 tests[22m[2m)[22m[33m 27550[2mms[22m[39m
[90mstdout[2m | __tests__/__integration__/infrastructure/session/repositories/session.repository.test.ts[22m[39m
[TEST SETUP] Loading .env.test from: C:\Users\moisreis\Projects\meta-investimentos\.env.test
Γùç injected env (1) from .env.test // tip: Γùê secrets for agents [www.dotenvx.com]
[TEST SETUP] Dotenv result: {
  parsed: {
    DATABASE_URL: [32m'postgresql://neondb_owner:npg_RrVLk0A3iwGU@ep-muddy-band-acxjnbbp-pooler.sa-east-1.aws.neon.tech/neondb?sslmode=require&channel_binding=require'[39m
  }
}
[TEST SETUP] DATABASE_URL from .env.test: postgresql://neondb_owner:npg_RrVLk0A3iwGU@ep-muddy-band-acxjnbbp-pooler.sa-east-1.aws.neon.tech/neondb?sslmode=require&channel_binding=require
[TEST SETUP] Set TEST_DATABASE_URL from DATABASE_URL
[TEST SETUP] Deleted DATABASE_URL, TEST_DATABASE_URL: SET

 [32mΓ£ô[39m [32m|integration|[39m __tests__/__integration__/infrastructure/session/repositories/session.repository.test.ts [2m ([22m[2m13 tests[22m[2m)[22m[33m 28707[2mms[22m[39m
[90mstdout[2m | __tests__/__integration__/infrastructure/verification/repositories/verification.repository.test.ts[22m[39m
[TEST SETUP] Loading .env.test from: C:\Users\moisreis\Projects\meta-investimentos\.env.test
Γùç injected env (1) from .env.test // tip: Γùê encrypted .env [www.dotenvx.com]
[TEST SETUP] Dotenv result: {
  parsed: {
    DATABASE_URL: [32m'postgresql://neondb_owner:npg_RrVLk0A3iwGU@ep-muddy-band-acxjnbbp-pooler.sa-east-1.aws.neon.tech/neondb?sslmode=require&channel_binding=require'[39m
  }
}
[TEST SETUP] DATABASE_URL from .env.test: postgresql://neondb_owner:npg_RrVLk0A3iwGU@ep-muddy-band-acxjnbbp-pooler.sa-east-1.aws.neon.tech/neondb?sslmode=require&channel_binding=require
[TEST SETUP] Set TEST_DATABASE_URL from DATABASE_URL
[TEST SETUP] Deleted DATABASE_URL, TEST_DATABASE_URL: SET

 [32mΓ£ô[39m [32m|integration|[39m __tests__/__integration__/infrastructure/verification/repositories/verification.repository.test.ts [2m ([22m[2m11 tests[22m[2m)[22m[33m 24843[2mms[22m[39m

node.exe : [31mΓÄ»ΓÄ»ΓÄ»ΓÄ»ΓÄ»ΓÄ»ΓÄ»[1m[7m Failed Tests 1 [27m[22mΓÄ»ΓÄ»ΓÄ»ΓÄ»ΓÄ»ΓÄ»ΓÄ»[39m
At line:1 char:1
+ & "C:\Program Files\nodejs/node.exe" "C:\Program Files\nodejs/node_mo ...
+ ~~~~~~~~~~~~~~~~~~~~~~~~~~~~~~~~~~~~~~~~~~~~~~~~~~~~~~~~~~~~~~~~~~~~~
    + CategoryInfo          : NotSpecified: ([31mΓÄ»ΓÄ»ΓÄ»Γ...»ΓÄ»ΓÄ»ΓÄ»[39m:String) [], RemoteException
    + FullyQualifiedErrorId : NativeCommandError
 

[31m[1m[7m FAIL [27m[22m[39m [32m|integration|[39m 
__tests__/__integration__/infrastructure/quota/repositories/quota.repository.test.ts[2m > 
[22minfrastructure/quota/repositories/quota.repository[2m > [22mfindLatestByFundIds[2m > [22mshould return the 
most recent quota per fund
[31m[1mAssertionError[22m: expected [ ΓÇª(2) ] to deeply equal [ ΓÇª(2) ][39m

[32m- Expected[39m
[31m+ Received[39m

[2m  Array [[22m
[32m-   "ec6d0ea8-1f71-4c3e-9e83-6b38073ceb3a",[39m
[2m    "8d0de5b2-092a-403e-a17a-3b3601896810",[22m
[31m+   "ec6d0ea8-1f71-4c3e-9e83-6b38073ceb3a",[39m
[2m  ][22m

[36m [2mΓ¥»[22m 
__tests__/__integration__/infrastructure/quota/repositories/quota.repository.test.ts:[2m214:43[22m[39m
    [90m212| [39m      ])
    [90m213| [39m
    [90m214| [39m      [34mexpect[39m(result[33m.[39m[34mmap[39m((q) [33m=>[39m 
q[33m.[39mfundId))[33m.[39m[34mtoEqual[39m([
    [90m   | [39m                                          [31m^[39m
    [90m215| [39m        first[33m.[39mid[33m,[39m
    [90m216| [39m        second[33m.[39mid[33m,[39m

[31m[2mΓÄ»ΓÄ»ΓÄ»ΓÄ»ΓÄ»ΓÄ»ΓÄ»ΓÄ»ΓÄ»ΓÄ»ΓÄ»ΓÄ»ΓÄ»ΓÄ»ΓÄ»ΓÄ»ΓÄ»ΓÄ»ΓÄ»ΓÄ»ΓÄ»ΓÄ»ΓÄ»ΓÄ»[1/1]ΓÄ»[22m[39m

[2m Test Files [22m [1m[31m1 failed[39m[22m[2m | [22m[1m[32m23 passed[39m[22m[90m (24)[39m
[2m      Tests [22m [1m[31m1 failed[39m[22m[2m | [22m[1m[32m404 passed[39m[22m[90m (405)[39m
[2m   Start at [22m 17:30:29
[2m   Duration [22m 982.12s[2m (transform 1.89s, setup 54.53s, collect 2.31s, tests 913.93s, environment 7ms, prepare 3.98s)[22m

