
[7m[1m[36m RUN [39m[22m[27m [36mv2.0.0[39m [90mC:/Users/moisreis/Projects/meta-investimentos[39m

[90mstdout[2m | __tests__/__integration__/infrastructure/transaction-allocation/repositories/transaction-allocation.repository.test.ts[22m[39m
[TEST SETUP] Loading .env.test from: C:\Users\moisreis\Projects\meta-investimentos\.env.test
Γùç injected env (1) from .env.test // tip: Γùê encrypted .env [www.dotenvx.com]
[TEST SETUP] Dotenv result: {
  parsed: {
    DATABASE_URL: [32m'postgresql://neondb_owner:npg_RrVLk0A3iwGU@ep-muddy-band-acxjnbbp-pooler.sa-east-1.aws.neon.tech/neondb?sslmode=require&channel_binding=require'[39m
  }
}
[TEST SETUP] DATABASE_URL from .env.test: postgresql://neondb_owner:npg_RrVLk0A3iwGU@ep-muddy-band-acxjnbbp-pooler.sa-east-1.aws.neon.tech/neondb?sslmode=require&channel_binding=require
[TEST SETUP] Set TEST_DATABASE_URL from DATABASE_URL
[TEST SETUP] Deleted DATABASE_URL, TEST_DATABASE_URL: SET

 [32mΓ£ô[39m [32m|integration|[39m __tests__/__integration__/infrastructure/transaction-allocation/repositories/transaction-allocation.repository.test.ts [2m ([22m[2m19 tests[22m[2m)[22m[33m 51826[2mms[22m[39m
[90mstdout[2m | __tests__/__integration__/infrastructure/position/repositories/position.repository.test.ts[22m[39m
[TEST SETUP] Loading .env.test from: C:\Users\moisreis\Projects\meta-investimentos\.env.test
Γùç injected env (1) from .env.test // tip: Γîÿ suppress logs { quiet: true }
[TEST SETUP] Dotenv result: {
  parsed: {
    DATABASE_URL: [32m'postgresql://neondb_owner:npg_RrVLk0A3iwGU@ep-muddy-band-acxjnbbp-pooler.sa-east-1.aws.neon.tech/neondb?sslmode=require&channel_binding=require'[39m
  }
}
[TEST SETUP] DATABASE_URL from .env.test: postgresql://neondb_owner:npg_RrVLk0A3iwGU@ep-muddy-band-acxjnbbp-pooler.sa-east-1.aws.neon.tech/neondb?sslmode=require&channel_binding=require
[TEST SETUP] Set TEST_DATABASE_URL from DATABASE_URL
[TEST SETUP] Deleted DATABASE_URL, TEST_DATABASE_URL: SET

 [32mΓ£ô[39m [32m|integration|[39m __tests__/__integration__/infrastructure/position/repositories/position.repository.test.ts [2m ([22m[2m22 tests[22m[2m)[22m[33m 50586[2mms[22m[39m
[90mstdout[2m | __tests__/__integration__/infrastructure/checking-account/repositories/checking-account.repository.test.ts[22m[39m
[TEST SETUP] Loading .env.test from: C:\Users\moisreis\Projects\meta-investimentos\.env.test
Γùç injected env (1) from .env.test // tip: Γîü auth for agents [www.vestauth.com]
[TEST SETUP] Dotenv result: {
  parsed: {
    DATABASE_URL: [32m'postgresql://neondb_owner:npg_RrVLk0A3iwGU@ep-muddy-band-acxjnbbp-pooler.sa-east-1.aws.neon.tech/neondb?sslmode=require&channel_binding=require'[39m
  }
}
[TEST SETUP] DATABASE_URL from .env.test: postgresql://neondb_owner:npg_RrVLk0A3iwGU@ep-muddy-band-acxjnbbp-pooler.sa-east-1.aws.neon.tech/neondb?sslmode=require&channel_binding=require
[TEST SETUP] Set TEST_DATABASE_URL from DATABASE_URL
[TEST SETUP] Deleted DATABASE_URL, TEST_DATABASE_URL: SET

 [32mΓ£ô[39m [32m|integration|[39m __tests__/__integration__/infrastructure/checking-account/repositories/checking-account.repository.test.ts [2m ([22m[2m22 tests[22m[2m)[22m[33m 46137[2mms[22m[39m
[90mstdout[2m | __tests__/__integration__/infrastructure/quota/repositories/quota.repository.test.ts[22m[39m
[TEST SETUP] Loading .env.test from: C:\Users\moisreis\Projects\meta-investimentos\.env.test
Γùç injected env (1) from .env.test // tip: Γùê encrypted .env [www.dotenvx.com]
[TEST SETUP] Dotenv result: {
  parsed: {
    DATABASE_URL: [32m'postgresql://neondb_owner:npg_RrVLk0A3iwGU@ep-muddy-band-acxjnbbp-pooler.sa-east-1.aws.neon.tech/neondb?sslmode=require&channel_binding=require'[39m
  }
}
[TEST SETUP] DATABASE_URL from .env.test: postgresql://neondb_owner:npg_RrVLk0A3iwGU@ep-muddy-band-acxjnbbp-pooler.sa-east-1.aws.neon.tech/neondb?sslmode=require&channel_binding=require
[TEST SETUP] Set TEST_DATABASE_URL from DATABASE_URL
[TEST SETUP] Deleted DATABASE_URL, TEST_DATABASE_URL: SET

 [32mΓ£ô[39m [32m|integration|[39m __tests__/__integration__/infrastructure/quota/repositories/quota.repository.test.ts [2m ([22m[2m24 tests[22m[2m)[22m[33m 49972[2mms[22m[39m
[90mstdout[2m | __tests__/__integration__/infrastructure/fund/repositories/fund.repository.test.ts[22m[39m
[TEST SETUP] Loading .env.test from: C:\Users\moisreis\Projects\meta-investimentos\.env.test
Γùç injected env (1) from .env.test // tip: Γîÿ override existing { override: true }
[TEST SETUP] Dotenv result: {
  parsed: {
    DATABASE_URL: [32m'postgresql://neondb_owner:npg_RrVLk0A3iwGU@ep-muddy-band-acxjnbbp-pooler.sa-east-1.aws.neon.tech/neondb?sslmode=require&channel_binding=require'[39m
  }
}
[TEST SETUP] DATABASE_URL from .env.test: postgresql://neondb_owner:npg_RrVLk0A3iwGU@ep-muddy-band-acxjnbbp-pooler.sa-east-1.aws.neon.tech/neondb?sslmode=require&channel_binding=require
[TEST SETUP] Set TEST_DATABASE_URL from DATABASE_URL
[TEST SETUP] Deleted DATABASE_URL, TEST_DATABASE_URL: SET

 [32mΓ£ô[39m [32m|integration|[39m __tests__/__integration__/infrastructure/fund/repositories/fund.repository.test.ts [2m ([22m[2m26 tests[22m[2m)[22m[33m 54998[2mms[22m[39m
[90mstdout[2m | __tests__/__integration__/infrastructure/application/repositories/application.repository.test.ts[22m[39m
[TEST SETUP] Loading .env.test from: C:\Users\moisreis\Projects\meta-investimentos\.env.test
Γùç injected env (1) from .env.test // tip: Γîÿ multiple files { path: ['.env.local', '.env'] }
[TEST SETUP] Dotenv result: {
  parsed: {
    DATABASE_URL: [32m'postgresql://neondb_owner:npg_RrVLk0A3iwGU@ep-muddy-band-acxjnbbp-pooler.sa-east-1.aws.neon.tech/neondb?sslmode=require&channel_binding=require'[39m
  }
}
[TEST SETUP] DATABASE_URL from .env.test: postgresql://neondb_owner:npg_RrVLk0A3iwGU@ep-muddy-band-acxjnbbp-pooler.sa-east-1.aws.neon.tech/neondb?sslmode=require&channel_binding=require
[TEST SETUP] Set TEST_DATABASE_URL from DATABASE_URL
[TEST SETUP] Deleted DATABASE_URL, TEST_DATABASE_URL: SET

 [32mΓ£ô[39m [32m|integration|[39m __tests__/__integration__/infrastructure/application/repositories/application.repository.test.ts [2m ([22m[2m18 tests[22m[2m)[22m[33m 44181[2mms[22m[39m
[90mstdout[2m | __tests__/__integration__/infrastructure/bank-account/repositories/bank-account.repository.test.ts[22m[39m
[TEST SETUP] Loading .env.test from: C:\Users\moisreis\Projects\meta-investimentos\.env.test
Γùç injected env (1) from .env.test // tip: Γîÿ enable debugging { debug: true }
[TEST SETUP] Dotenv result: {
  parsed: {
    DATABASE_URL: [32m'postgresql://neondb_owner:npg_RrVLk0A3iwGU@ep-muddy-band-acxjnbbp-pooler.sa-east-1.aws.neon.tech/neondb?sslmode=require&channel_binding=require'[39m
  }
}
[TEST SETUP] DATABASE_URL from .env.test: postgresql://neondb_owner:npg_RrVLk0A3iwGU@ep-muddy-band-acxjnbbp-pooler.sa-east-1.aws.neon.tech/neondb?sslmode=require&channel_binding=require
[TEST SETUP] Set TEST_DATABASE_URL from DATABASE_URL
[TEST SETUP] Deleted DATABASE_URL, TEST_DATABASE_URL: SET

 [32mΓ£ô[39m [32m|integration|[39m __tests__/__integration__/infrastructure/bank-account/repositories/bank-account.repository.test.ts [2m ([22m[2m22 tests[22m[2m)[22m[33m 46874[2mms[22m[39m
[90mstdout[2m | __tests__/__integration__/infrastructure/statement/repositories/statement.repository.test.ts[22m[39m
[TEST SETUP] Loading .env.test from: C:\Users\moisreis\Projects\meta-investimentos\.env.test
Γùç injected env (1) from .env.test // tip: Γîÿ override existing { override: true }
[TEST SETUP] Dotenv result: {
  parsed: {
    DATABASE_URL: [32m'postgresql://neondb_owner:npg_RrVLk0A3iwGU@ep-muddy-band-acxjnbbp-pooler.sa-east-1.aws.neon.tech/neondb?sslmode=require&channel_binding=require'[39m
  }
}
[TEST SETUP] DATABASE_URL from .env.test: postgresql://neondb_owner:npg_RrVLk0A3iwGU@ep-muddy-band-acxjnbbp-pooler.sa-east-1.aws.neon.tech/neondb?sslmode=require&channel_binding=require
[TEST SETUP] Set TEST_DATABASE_URL from DATABASE_URL
[TEST SETUP] Deleted DATABASE_URL, TEST_DATABASE_URL: SET

 [32mΓ£ô[39m [32m|integration|[39m __tests__/__integration__/infrastructure/statement/repositories/statement.repository.test.ts [2m ([22m[2m16 tests[22m[2m)[22m[33m 36013[2mms[22m[39m
[90mstdout[2m | __tests__/__integration__/infrastructure/withdrawal/repositories/withdrawal.repository.test.ts[22m[39m
[TEST SETUP] Loading .env.test from: C:\Users\moisreis\Projects\meta-investimentos\.env.test
Γùç injected env (1) from .env.test // tip: Γîÿ enable debugging { debug: true }
[TEST SETUP] Dotenv result: {
  parsed: {
    DATABASE_URL: [32m'postgresql://neondb_owner:npg_RrVLk0A3iwGU@ep-muddy-band-acxjnbbp-pooler.sa-east-1.aws.neon.tech/neondb?sslmode=require&channel_binding=require'[39m
  }
}
[TEST SETUP] DATABASE_URL from .env.test: postgresql://neondb_owner:npg_RrVLk0A3iwGU@ep-muddy-band-acxjnbbp-pooler.sa-east-1.aws.neon.tech/neondb?sslmode=require&channel_binding=require
[TEST SETUP] Set TEST_DATABASE_URL from DATABASE_URL
[TEST SETUP] Deleted DATABASE_URL, TEST_DATABASE_URL: SET

 [32mΓ£ô[39m [32m|integration|[39m __tests__/__integration__/infrastructure/withdrawal/repositories/withdrawal.repository.test.ts [2m ([22m[2m17 tests[22m[2m)[22m[33m 38354[2mms[22m[39m
[90mstdout[2m | __tests__/__integration__/infrastructure/portfolio-performance/repositories/portfolio-performance.repository.test.ts[22m[39m
[TEST SETUP] Loading .env.test from: C:\Users\moisreis\Projects\meta-investimentos\.env.test
Γùç injected env (1) from .env.test // tip: Γîÿ enable debugging { debug: true }
[TEST SETUP] Dotenv result: {
  parsed: {
    DATABASE_URL: [32m'postgresql://neondb_owner:npg_RrVLk0A3iwGU@ep-muddy-band-acxjnbbp-pooler.sa-east-1.aws.neon.tech/neondb?sslmode=require&channel_binding=require'[39m
  }
}
[TEST SETUP] DATABASE_URL from .env.test: postgresql://neondb_owner:npg_RrVLk0A3iwGU@ep-muddy-band-acxjnbbp-pooler.sa-east-1.aws.neon.tech/neondb?sslmode=require&channel_binding=require
[TEST SETUP] Set TEST_DATABASE_URL from DATABASE_URL
[TEST SETUP] Deleted DATABASE_URL, TEST_DATABASE_URL: SET

 [32mΓ£ô[39m [32m|integration|[39m __tests__/__integration__/infrastructure/portfolio-performance/repositories/portfolio-performance.repository.test.ts [2m ([22m[2m16 tests[22m[2m)[22m[33m 33265[2mms[22m[39m
[90mstdout[2m | __tests__/__integration__/infrastructure/bank/repositories/bank.repository.test.ts[22m[39m
[TEST SETUP] Loading .env.test from: C:\Users\moisreis\Projects\meta-investimentos\.env.test
Γùç injected env (1) from .env.test // tip: Γùê secrets for agents [www.dotenvx.com]
[TEST SETUP] Dotenv result: {
  parsed: {
    DATABASE_URL: [32m'postgresql://neondb_owner:npg_RrVLk0A3iwGU@ep-muddy-band-acxjnbbp-pooler.sa-east-1.aws.neon.tech/neondb?sslmode=require&channel_binding=require'[39m
  }
}
[TEST SETUP] DATABASE_URL from .env.test: postgresql://neondb_owner:npg_RrVLk0A3iwGU@ep-muddy-band-acxjnbbp-pooler.sa-east-1.aws.neon.tech/neondb?sslmode=require&channel_binding=require
[TEST SETUP] Set TEST_DATABASE_URL from DATABASE_URL
[TEST SETUP] Deleted DATABASE_URL, TEST_DATABASE_URL: SET

 [32mΓ£ô[39m [32m|integration|[39m __tests__/__integration__/infrastructure/bank/repositories/bank.repository.test.ts [2m ([22m[2m18 tests[22m[2m)[22m[33m 35374[2mms[22m[39m
[90mstdout[2m | __tests__/__integration__/infrastructure/benchmark-history/repositories/benchmark-history.repository.test.ts[22m[39m
[TEST SETUP] Loading .env.test from: C:\Users\moisreis\Projects\meta-investimentos\.env.test
Γùç injected env (1) from .env.test // tip: Γîÿ override existing { override: true }
[TEST SETUP] Dotenv result: {
  parsed: {
    DATABASE_URL: [32m'postgresql://neondb_owner:npg_RrVLk0A3iwGU@ep-muddy-band-acxjnbbp-pooler.sa-east-1.aws.neon.tech/neondb?sslmode=require&channel_binding=require'[39m
  }
}
[TEST SETUP] DATABASE_URL from .env.test: postgresql://neondb_owner:npg_RrVLk0A3iwGU@ep-muddy-band-acxjnbbp-pooler.sa-east-1.aws.neon.tech/neondb?sslmode=require&channel_binding=require
[TEST SETUP] Set TEST_DATABASE_URL from DATABASE_URL
[TEST SETUP] Deleted DATABASE_URL, TEST_DATABASE_URL: SET

 [32mΓ£ô[39m [32m|integration|[39m __tests__/__integration__/infrastructure/benchmark-history/repositories/benchmark-history.repository.test.ts [2m ([22m[2m16 tests[22m[2m)[22m[33m 35315[2mms[22m[39m
[90mstdout[2m | __tests__/__integration__/infrastructure/position-performance/repositories/position-performance.repository.test.ts[22m[39m
[TEST SETUP] Loading .env.test from: C:\Users\moisreis\Projects\meta-investimentos\.env.test
Γùç injected env (1) from .env.test // tip: Γîÿ custom filepath { path: '/custom/path/.env' }
[TEST SETUP] Dotenv result: {
  parsed: {
    DATABASE_URL: [32m'postgresql://neondb_owner:npg_RrVLk0A3iwGU@ep-muddy-band-acxjnbbp-pooler.sa-east-1.aws.neon.tech/neondb?sslmode=require&channel_binding=require'[39m
  }
}
[TEST SETUP] DATABASE_URL from .env.test: postgresql://neondb_owner:npg_RrVLk0A3iwGU@ep-muddy-band-acxjnbbp-pooler.sa-east-1.aws.neon.tech/neondb?sslmode=require&channel_binding=require
[TEST SETUP] Set TEST_DATABASE_URL from DATABASE_URL
[TEST SETUP] Deleted DATABASE_URL, TEST_DATABASE_URL: SET

 [32mΓ£ô[39m [32m|integration|[39m __tests__/__integration__/infrastructure/position-performance/repositories/position-performance.repository.test.ts [2m ([22m[2m15 tests[22m[2m)[22m[33m 35563[2mms[22m[39m
[90mstdout[2m | __tests__/__integration__/infrastructure/portfolio/repositories/portfolio.repository.test.ts[22m[39m
[TEST SETUP] Loading .env.test from: C:\Users\moisreis\Projects\meta-investimentos\.env.test
Γùç injected env (1) from .env.test // tip: Γîÿ suppress logs { quiet: true }
[TEST SETUP] Dotenv result: {
  parsed: {
    DATABASE_URL: [32m'postgresql://neondb_owner:npg_RrVLk0A3iwGU@ep-muddy-band-acxjnbbp-pooler.sa-east-1.aws.neon.tech/neondb?sslmode=require&channel_binding=require'[39m
  }
}
[TEST SETUP] DATABASE_URL from .env.test: postgresql://neondb_owner:npg_RrVLk0A3iwGU@ep-muddy-band-acxjnbbp-pooler.sa-east-1.aws.neon.tech/neondb?sslmode=require&channel_binding=require
[TEST SETUP] Set TEST_DATABASE_URL from DATABASE_URL
[TEST SETUP] Deleted DATABASE_URL, TEST_DATABASE_URL: SET

 [32mΓ£ô[39m [32m|integration|[39m __tests__/__integration__/infrastructure/portfolio/repositories/portfolio.repository.test.ts [2m ([22m[2m18 tests[22m[2m)[22m[33m 38411[2mms[22m[39m
[90mstdout[2m | __tests__/__integration__/infrastructure/user/repositories/user.repository.test.ts[22m[39m
[TEST SETUP] Loading .env.test from: C:\Users\moisreis\Projects\meta-investimentos\.env.test
Γùç injected env (1) from .env.test // tip: Γùê secrets for agents [www.dotenvx.com]
[TEST SETUP] Dotenv result: {
  parsed: {
    DATABASE_URL: [32m'postgresql://neondb_owner:npg_RrVLk0A3iwGU@ep-muddy-band-acxjnbbp-pooler.sa-east-1.aws.neon.tech/neondb?sslmode=require&channel_binding=require'[39m
  }
}
[TEST SETUP] DATABASE_URL from .env.test: postgresql://neondb_owner:npg_RrVLk0A3iwGU@ep-muddy-band-acxjnbbp-pooler.sa-east-1.aws.neon.tech/neondb?sslmode=require&channel_binding=require
[TEST SETUP] Set TEST_DATABASE_URL from DATABASE_URL
[TEST SETUP] Deleted DATABASE_URL, TEST_DATABASE_URL: SET

 [32mΓ£ô[39m [32m|integration|[39m __tests__/__integration__/infrastructure/user/repositories/user.repository.test.ts [2m ([22m[2m17 tests[22m[2m)[22m[33m 34225[2mms[22m[39m
[90mstdout[2m | __tests__/__integration__/services/application/use-cases/add-application.use-case.test.ts[22m[39m
[TEST SETUP] Loading .env.test from: C:\Users\moisreis\Projects\meta-investimentos\.env.test
Γùç injected env (1) from .env.test // tip: Γîÿ enable debugging { debug: true }
[TEST SETUP] Dotenv result: {
  parsed: {
    DATABASE_URL: [32m'postgresql://neondb_owner:npg_RrVLk0A3iwGU@ep-muddy-band-acxjnbbp-pooler.sa-east-1.aws.neon.tech/neondb?sslmode=require&channel_binding=require'[39m
  }
}
[TEST SETUP] DATABASE_URL from .env.test: postgresql://neondb_owner:npg_RrVLk0A3iwGU@ep-muddy-band-acxjnbbp-pooler.sa-east-1.aws.neon.tech/neondb?sslmode=require&channel_binding=require
[TEST SETUP] Set TEST_DATABASE_URL from DATABASE_URL
[TEST SETUP] Deleted DATABASE_URL, TEST_DATABASE_URL: SET

 [32mΓ£ô[39m [32m|integration|[39m __tests__/__integration__/services/application/use-cases/add-application.use-case.test.ts [2m ([22m[2m7 tests[22m[2m)[22m[33m 26854[2mms[22m[39m
[90mstdout[2m | __tests__/__integration__/infrastructure/audit-log/repositories/audit-log.repository.test.ts[22m[39m
[TEST SETUP] Loading .env.test from: C:\Users\moisreis\Projects\meta-investimentos\.env.test
Γùç injected env (1) from .env.test // tip: Γîÿ suppress logs { quiet: true }
[TEST SETUP] Dotenv result: {
  parsed: {
    DATABASE_URL: [32m'postgresql://neondb_owner:npg_RrVLk0A3iwGU@ep-muddy-band-acxjnbbp-pooler.sa-east-1.aws.neon.tech/neondb?sslmode=require&channel_binding=require'[39m
  }
}
[TEST SETUP] DATABASE_URL from .env.test: postgresql://neondb_owner:npg_RrVLk0A3iwGU@ep-muddy-band-acxjnbbp-pooler.sa-east-1.aws.neon.tech/neondb?sslmode=require&channel_binding=require
[TEST SETUP] Set TEST_DATABASE_URL from DATABASE_URL
[TEST SETUP] Deleted DATABASE_URL, TEST_DATABASE_URL: SET

 [32mΓ£ô[39m [32m|integration|[39m __tests__/__integration__/infrastructure/audit-log/repositories/audit-log.repository.test.ts [2m ([22m[2m16 tests[22m[2m)[22m[33m 32940[2mms[22m[39m
[90mstdout[2m | __tests__/__integration__/infrastructure/norms-portfolio/repositories/norms-portfolios.repository.test.ts[22m[39m
[TEST SETUP] Loading .env.test from: C:\Users\moisreis\Projects\meta-investimentos\.env.test
Γùç injected env (1) from .env.test // tip: Γîü auth for agents [www.vestauth.com]
[TEST SETUP] Dotenv result: {
  parsed: {
    DATABASE_URL: [32m'postgresql://neondb_owner:npg_RrVLk0A3iwGU@ep-muddy-band-acxjnbbp-pooler.sa-east-1.aws.neon.tech/neondb?sslmode=require&channel_binding=require'[39m
  }
}
[TEST SETUP] DATABASE_URL from .env.test: postgresql://neondb_owner:npg_RrVLk0A3iwGU@ep-muddy-band-acxjnbbp-pooler.sa-east-1.aws.neon.tech/neondb?sslmode=require&channel_binding=require
[TEST SETUP] Set TEST_DATABASE_URL from DATABASE_URL
[TEST SETUP] Deleted DATABASE_URL, TEST_DATABASE_URL: SET

 [32mΓ£ô[39m [32m|integration|[39m __tests__/__integration__/infrastructure/norms-portfolio/repositories/norms-portfolios.repository.test.ts [2m ([22m[2m13 tests[22m[2m)[22m[33m 30662[2mms[22m[39m
[90mstdout[2m | __tests__/__integration__/infrastructure/benchmark/repositories/benchmark.repository.test.ts[22m[39m
[TEST SETUP] Loading .env.test from: C:\Users\moisreis\Projects\meta-investimentos\.env.test
Γùç injected env (1) from .env.test // tip: Γîÿ custom filepath { path: '/custom/path/.env' }
[TEST SETUP] Dotenv result: {
  parsed: {
    DATABASE_URL: [32m'postgresql://neondb_owner:npg_RrVLk0A3iwGU@ep-muddy-band-acxjnbbp-pooler.sa-east-1.aws.neon.tech/neondb?sslmode=require&channel_binding=require'[39m
  }
}
[TEST SETUP] DATABASE_URL from .env.test: postgresql://neondb_owner:npg_RrVLk0A3iwGU@ep-muddy-band-acxjnbbp-pooler.sa-east-1.aws.neon.tech/neondb?sslmode=require&channel_binding=require
[TEST SETUP] Set TEST_DATABASE_URL from DATABASE_URL
[TEST SETUP] Deleted DATABASE_URL, TEST_DATABASE_URL: SET

 [32mΓ£ô[39m [32m|integration|[39m __tests__/__integration__/infrastructure/benchmark/repositories/benchmark.repository.test.ts [2m ([22m[2m16 tests[22m[2m)[22m[33m 32925[2mms[22m[39m
[90mstdout[2m | __tests__/__integration__/infrastructure/category/repositories/category.repository.test.ts[22m[39m
[TEST SETUP] Loading .env.test from: C:\Users\moisreis\Projects\meta-investimentos\.env.test
Γùç injected env (1) from .env.test // tip: Γùê secrets for agents [www.dotenvx.com]
[TEST SETUP] Dotenv result: {
  parsed: {
    DATABASE_URL: [32m'postgresql://neondb_owner:npg_RrVLk0A3iwGU@ep-muddy-band-acxjnbbp-pooler.sa-east-1.aws.neon.tech/neondb?sslmode=require&channel_binding=require'[39m
  }
}
[TEST SETUP] DATABASE_URL from .env.test: postgresql://neondb_owner:npg_RrVLk0A3iwGU@ep-muddy-band-acxjnbbp-pooler.sa-east-1.aws.neon.tech/neondb?sslmode=require&channel_binding=require
[TEST SETUP] Set TEST_DATABASE_URL from DATABASE_URL
[TEST SETUP] Deleted DATABASE_URL, TEST_DATABASE_URL: SET

 [32mΓ£ô[39m [32m|integration|[39m __tests__/__integration__/infrastructure/category/repositories/category.repository.test.ts [2m ([22m[2m17 tests[22m[2m)[22m[33m 33650[2mms[22m[39m
[90mstdout[2m | __tests__/__integration__/infrastructure/account/repositories/account.repository.test.ts[22m[39m
[TEST SETUP] Loading .env.test from: C:\Users\moisreis\Projects\meta-investimentos\.env.test
Γùç injected env (1) from .env.test // tip: Γîü auth for agents [www.vestauth.com]
[TEST SETUP] Dotenv result: {
  parsed: {
    DATABASE_URL: [32m'postgresql://neondb_owner:npg_RrVLk0A3iwGU@ep-muddy-band-acxjnbbp-pooler.sa-east-1.aws.neon.tech/neondb?sslmode=require&channel_binding=require'[39m
  }
}
[TEST SETUP] DATABASE_URL from .env.test: postgresql://neondb_owner:npg_RrVLk0A3iwGU@ep-muddy-band-acxjnbbp-pooler.sa-east-1.aws.neon.tech/neondb?sslmode=require&channel_binding=require
[TEST SETUP] Set TEST_DATABASE_URL from DATABASE_URL
[TEST SETUP] Deleted DATABASE_URL, TEST_DATABASE_URL: SET

 [32mΓ£ô[39m [32m|integration|[39m __tests__/__integration__/infrastructure/account/repositories/account.repository.test.ts [2m ([22m[2m14 tests[22m[2m)[22m[33m 30142[2mms[22m[39m
[90mstdout[2m | __tests__/__integration__/infrastructure/norm/repositories/norm.repository.test.ts[22m[39m
[TEST SETUP] Loading .env.test from: C:\Users\moisreis\Projects\meta-investimentos\.env.test
Γùç injected env (1) from .env.test // tip: Γîü auth for agents [www.vestauth.com]
[TEST SETUP] Dotenv result: {
  parsed: {
    DATABASE_URL: [32m'postgresql://neondb_owner:npg_RrVLk0A3iwGU@ep-muddy-band-acxjnbbp-pooler.sa-east-1.aws.neon.tech/neondb?sslmode=require&channel_binding=require'[39m
  }
}
[TEST SETUP] DATABASE_URL from .env.test: postgresql://neondb_owner:npg_RrVLk0A3iwGU@ep-muddy-band-acxjnbbp-pooler.sa-east-1.aws.neon.tech/neondb?sslmode=require&channel_binding=require
[TEST SETUP] Set TEST_DATABASE_URL from DATABASE_URL
[TEST SETUP] Deleted DATABASE_URL, TEST_DATABASE_URL: SET

 [32mΓ£ô[39m [32m|integration|[39m __tests__/__integration__/infrastructure/norm/repositories/norm.repository.test.ts [2m ([22m[2m12 tests[22m[2m)[22m[33m 26369[2mms[22m[39m
[90mstdout[2m | __tests__/__integration__/infrastructure/session/repositories/session.repository.test.ts[22m[39m
[TEST SETUP] Loading .env.test from: C:\Users\moisreis\Projects\meta-investimentos\.env.test
Γùç injected env (1) from .env.test // tip: Γùê secrets for agents [www.dotenvx.com]
[TEST SETUP] Dotenv result: {
  parsed: {
    DATABASE_URL: [32m'postgresql://neondb_owner:npg_RrVLk0A3iwGU@ep-muddy-band-acxjnbbp-pooler.sa-east-1.aws.neon.tech/neondb?sslmode=require&channel_binding=require'[39m
  }
}
[TEST SETUP] DATABASE_URL from .env.test: postgresql://neondb_owner:npg_RrVLk0A3iwGU@ep-muddy-band-acxjnbbp-pooler.sa-east-1.aws.neon.tech/neondb?sslmode=require&channel_binding=require
[TEST SETUP] Set TEST_DATABASE_URL from DATABASE_URL
[TEST SETUP] Deleted DATABASE_URL, TEST_DATABASE_URL: SET

 [32mΓ£ô[39m [32m|integration|[39m __tests__/__integration__/infrastructure/session/repositories/session.repository.test.ts [2m ([22m[2m13 tests[22m[2m)[22m[33m 27067[2mms[22m[39m
[90mstdout[2m | __tests__/__integration__/infrastructure/verification/repositories/verification.repository.test.ts[22m[39m
[TEST SETUP] Loading .env.test from: C:\Users\moisreis\Projects\meta-investimentos\.env.test
Γùç injected env (1) from .env.test // tip: Γîÿ multiple files { path: ['.env.local', '.env'] }
[TEST SETUP] Dotenv result: {
  parsed: {
    DATABASE_URL: [32m'postgresql://neondb_owner:npg_RrVLk0A3iwGU@ep-muddy-band-acxjnbbp-pooler.sa-east-1.aws.neon.tech/neondb?sslmode=require&channel_binding=require'[39m
  }
}
[TEST SETUP] DATABASE_URL from .env.test: postgresql://neondb_owner:npg_RrVLk0A3iwGU@ep-muddy-band-acxjnbbp-pooler.sa-east-1.aws.neon.tech/neondb?sslmode=require&channel_binding=require
[TEST SETUP] Set TEST_DATABASE_URL from DATABASE_URL
[TEST SETUP] Deleted DATABASE_URL, TEST_DATABASE_URL: SET

 [32mΓ£ô[39m [32m|integration|[39m __tests__/__integration__/infrastructure/verification/repositories/verification.repository.test.ts [2m ([22m[2m11 tests[22m[2m)[22m[33m 22515[2mms[22m[39m

[2m Test Files [22m [1m[32m24 passed[39m[22m[90m (24)[39m
[2m      Tests [22m [1m[32m405 passed[39m[22m[90m (405)[39m
[2m   Start at [22m 17:55:47
[2m   Duration [22m 966.51s[2m (transform 2.53s, setup 57.09s, collect 2.44s, tests 894.22s, environment 9ms, prepare 4.64s)[22m

