
> meta-investimentos@0.0.1 lint
> eslint --max-warnings 0


C:\Users\moisreis\Projects\meta-investimentos\__tests__\__integration__\infrastructure\norm\repositories\norm.repository.test.ts
  10:10  warning  'Norm' is defined but never used  @typescript-eslint/no-unused-vars

C:\Users\moisreis\Projects\meta-investimentos\__tests__\__integration__\infrastructure\position\repositories\position.repository.test.ts
  10:10  warning  'Position' is defined but never used  @typescript-eslint/no-unused-vars

C:\Users\moisreis\Projects\meta-investimentos\__tests__\__setup__\_fakes.setup.ts
  77:15  warning  'PositiveMoney' is defined but never used  @typescript-eslint/no-unused-vars
  78:15  warning  'QuotaQuantity' is defined but never used  @typescript-eslint/no-unused-vars
  79:22  warning  'EntityIdVo' is defined but never used     @typescript-eslint/no-unused-vars

C:\Users\moisreis\Projects\meta-investimentos\__tests__\__unit__\domain\benchmark-history\entities\benchmark-history.entity.test.ts
  67:14  error  Unexpected any. Specify a different type  @typescript-eslint/no-explicit-any
  76:14  error  Unexpected any. Specify a different type  @typescript-eslint/no-explicit-any
  98:47  error  Unexpected any. Specify a different type  @typescript-eslint/no-explicit-any

C:\Users\moisreis\Projects\meta-investimentos\__tests__\__unit__\domain\checking-account\entities\checking-account.entity.test.ts
  54:14  error  Unexpected any. Specify a different type  @typescript-eslint/no-explicit-any
  63:14  error  Unexpected any. Specify a different type  @typescript-eslint/no-explicit-any
  85:43  error  Unexpected any. Specify a different type  @typescript-eslint/no-explicit-any

C:\Users\moisreis\Projects\meta-investimentos\__tests__\__unit__\domain\norm\entities\norm.entity.test.ts
  126:14  error  Unexpected any. Specify a different type  @typescript-eslint/no-explicit-any
  138:14  error  Unexpected any. Specify a different type  @typescript-eslint/no-explicit-any
  150:14  error  Unexpected any. Specify a different type  @typescript-eslint/no-explicit-any

C:\Users\moisreis\Projects\meta-investimentos\__tests__\__unit__\domain\norms-portfolio\entities\norms-portfolios.entity.test.ts
   98:14  error  Unexpected any. Specify a different type  @typescript-eslint/no-explicit-any
  109:14  error  Unexpected any. Specify a different type  @typescript-eslint/no-explicit-any
  120:14  error  Unexpected any. Specify a different type  @typescript-eslint/no-explicit-any

C:\Users\moisreis\Projects\meta-investimentos\__tests__\__unit__\domain\portfolio-performance\entities\portfolio-performance.entity.test.ts
  147:14  error  Unexpected any. Specify a different type  @typescript-eslint/no-explicit-any
  162:14  error  Unexpected any. Specify a different type  @typescript-eslint/no-explicit-any
  177:14  error  Unexpected any. Specify a different type  @typescript-eslint/no-explicit-any

C:\Users\moisreis\Projects\meta-investimentos\__tests__\__unit__\domain\portfolio\calculators\application-quotas-sum.calculator.test.ts
  77:49  error  Unexpected any. Specify a different type  @typescript-eslint/no-explicit-any

C:\Users\moisreis\Projects\meta-investimentos\__tests__\__unit__\domain\portfolio\calculators\application-sum.calculator.test.ts
  75:49  error  Unexpected any. Specify a different type  @typescript-eslint/no-explicit-any

C:\Users\moisreis\Projects\meta-investimentos\__tests__\__unit__\domain\portfolio\calculators\cash-flow-net.calculator.test.ts
  85:49  error  Unexpected any. Specify a different type  @typescript-eslint/no-explicit-any

C:\Users\moisreis\Projects\meta-investimentos\__tests__\__unit__\domain\portfolio\calculators\cumulative-target.calculator.test.ts
  89:52  error  Unexpected any. Specify a different type  @typescript-eslint/no-explicit-any

C:\Users\moisreis\Projects\meta-investimentos\__tests__\__unit__\domain\portfolio\calculators\earnings.calculator.test.ts
  111:48  error  Unexpected any. Specify a different type  @typescript-eslint/no-explicit-any
  114:47  error  Unexpected any. Specify a different type  @typescript-eslint/no-explicit-any

C:\Users\moisreis\Projects\meta-investimentos\__tests__\__unit__\domain\portfolio\calculators\quotas-held-sum.calculator.test.ts
  74:49  error  Unexpected any. Specify a different type  @typescript-eslint/no-explicit-any

C:\Users\moisreis\Projects\meta-investimentos\__tests__\__unit__\domain\portfolio\calculators\return.calculator.test.ts
  93:48  error  Unexpected any. Specify a different type  @typescript-eslint/no-explicit-any

C:\Users\moisreis\Projects\meta-investimentos\__tests__\__unit__\domain\portfolio\calculators\target.calculator.test.ts
  103:52  error  Unexpected any. Specify a different type  @typescript-eslint/no-explicit-any
  107:45  error  Unexpected any. Specify a different type  @typescript-eslint/no-explicit-any

C:\Users\moisreis\Projects\meta-investimentos\__tests__\__unit__\domain\portfolio\calculators\withdrawal-quotas-sum.calculator.test.ts
  76:43  error  Unexpected any. Specify a different type  @typescript-eslint/no-explicit-any

C:\Users\moisreis\Projects\meta-investimentos\__tests__\__unit__\domain\portfolio\calculators\withdrawal-sum.calculator.test.ts
  75:49  error  Unexpected any. Specify a different type  @typescript-eslint/no-explicit-any

C:\Users\moisreis\Projects\meta-investimentos\__tests__\__unit__\domain\portfolio\entities\portfolio.entity.test.ts
  132:14  error  Unexpected any. Specify a different type  @typescript-eslint/no-explicit-any
  145:14  error  Unexpected any. Specify a different type  @typescript-eslint/no-explicit-any
  158:14  error  Unexpected any. Specify a different type  @typescript-eslint/no-explicit-any
  171:14  error  Unexpected any. Specify a different type  @typescript-eslint/no-explicit-any

C:\Users\moisreis\Projects\meta-investimentos\__tests__\__unit__\services\quota\use-cases\import-fund-valuations.use-case.test.ts
  29:7  warning  'CNPJ_C' is assigned a value but never used  @typescript-eslint/no-unused-vars

C:\Users\moisreis\Projects\meta-investimentos\scripts\check-test-structure.ts
  159:10  warning  'ListFiles' is defined but never used  @typescript-eslint/no-unused-vars

Γ£û 38 problems (31 errors, 7 warnings)

